// Vitest Snapshot v1, https://vitest.dev/guide/snapshot.html

exports[`basic JSX 1`] = `
"class Test {
  render() {
    const obj = {
      a: 1
    };
    const funcObj = () => {
      return {
        a: 1
      };
    };
    return <>
        <div foo="bar" foo:bar={bux}>
          This is a test.
          <Test.Name.Foo />
          {foo.map(() => "bar")}
          <p>Text</p>
          <div {...obj}  {...obj.a}  {...funcObj()}  />
        </div>
      </>;
  }
}
"
`;

exports[`support empty fragments 1`] = `
"<></>;
"
`;

exports[`support jsx attibutes 1`] = `
"<Counter a={1} />;
"
`;

exports[`support jsx attibutes 2`] = `
"<Counter a />;
"
`;

exports[`support text fragments 1`] = `
"<>hello</>;
"
`;
